bool glob;
int main(){
	int a;
	glob(bool) = a(int);
}
